// Vitest Snapshot v1, https://vitest.dev/guide/snapshot.html

exports[`Game / MenuPause / Component > should match snapshot 1`] = `<div />`;
