// Vitest Snapshot v1, https://vitest.dev/guide/snapshot.html

exports[`Game / MainMenu / Component > should match snapshot 1`] = `
<div>
  <div>
    <h1>
      Seasons in the Sun
    </h1>
    <button>
      Begin
    </button>
    <button>
      Options
    </button>
  </div>
</div>
`;
