// Vitest Snapshot v1, https://vitest.dev/guide/snapshot.html

exports[`Website / Authentication / Signup / Component > should match snapshot 1`] = `
<div>
  <div>
    Sign up
  </div>
</div>
`;
